../Drivers/CMSIS/Include/core_cm3.h:1639:22:__NVIC_SetPriority	16	static
../Drivers/CMSIS/Include/core_cm3.h:1834:26:SysTick_Config	16	static
../Core/Src/main.c:82:5:main	8	static
../Core/Src/main.c:129:6:SystemClock_Config	72	static
../Core/Src/main.c:169:13:MX_USART1_UART_Init	8	static
../Core/Src/main.c:202:13:MX_GPIO_Init	40	static
../Core/Src/main.c:251:6:HAL_GPIO_EXTI_Callback	16	static
../Core/Src/main.c:256:6:SysTick_Handler	16	static
../Core/Src/main.c:319:6:HAL_UART_RxCpltCallback	16	static
../Core/Src/main.c:356:6:Error_Handler	4	static,ignoring_inline_asm
